{"node":"v22.23.3","v8":"12.4.254.21-node.57","execPath":"C:\\Users\\Royin\\AppData\\Local\\npm-cache\\_npx\\52027bd8fc0022aa\\node_modules\\node\\bin\\node.exe","arch":"x64","platform":"win32"}

 RUN  v5.0.1 C:/Users/Royin/OneDrive/Desktop/Royin/Orbitlab/audit-2026-09-29/source

FINGERPRINT_WORKER_RUNTIME {"node":"v22.23.3","v8":"12.4.254.21-node.57","execPath":"C:\\Users\\Royin\\AppData\\Local\\npm-cache\\_npx\\52027bd8fc0022aa\\node_modules\\node\\bin\\node.exe","pid":27152,"arch":"x64","platform":"win32"}
 ↓ tests/d01-fleet-fingerprint.test.ts > D01: the fleet flies as it did before the parts catalogue > records a leo/50 row for every vehicle, and every recorded row is a fleet case
 ✓ tests/d01-fleet-fingerprint.test.ts > D01: the fleet flies as it did before the parts catalogue > soyuz21a/leo/50 241ms (repeat x1)
 ↓ tests/d01-fleet-fingerprint.test.ts > D01: the fleet flies as it did before the parts catalogue > soyuz21b/leo/50
 ↓ tests/d01-fleet-fingerprint.test.ts > D01: the fleet flies as it did before the parts catalogue > protonm/leo/50
 ↓ tests/d01-fleet-fingerprint.test.ts > D01: the fleet flies as it did before the parts catalogue > angaraa5/leo/50
 ↓ tests/d01-fleet-fingerprint.test.ts > D01: the fleet flies as it did before the parts catalogue > falcon9/leo/50
 ↓ tests/d01-fleet-fingerprint.test.ts > D01: the fleet flies as it did before the parts catalogue > falconheavy/leo/50
 ↓ tests/d01-fleet-fingerprint.test.ts > D01: the fleet flies as it did before the parts catalogue > atlasv551/leo/50
 ↓ tests/d01-fleet-fingerprint.test.ts > D01: the fleet flies as it did before the parts catalogue > vulcan/leo/50
 ↓ tests/d01-fleet-fingerprint.test.ts > D01: the fleet flies as it did before the parts catalogue > ariane64/leo/50
 ↓ tests/d01-fleet-fingerprint.test.ts > D01: the fleet flies as it did before the parts catalogue > vegac/leo/50
 ↓ tests/d01-fleet-fingerprint.test.ts > D01: the fleet flies as it did before the parts catalogue > longmarch2d/leo/50
 ↓ tests/d01-fleet-fingerprint.test.ts > D01: the fleet flies as it did before the parts catalogue > longmarch3be/leo/50
 ↓ tests/d01-fleet-fingerprint.test.ts > D01: the fleet flies as it did before the parts catalogue > h2a202/leo/50
 ↓ tests/d01-fleet-fingerprint.test.ts > D01: the fleet flies as it did before the parts catalogue > longmarch5/leo/50
 ↓ tests/d01-fleet-fingerprint.test.ts > D01: the fleet flies as it did before the parts catalogue > h3/leo/50
 ↓ tests/d01-fleet-fingerprint.test.ts > D01: the fleet flies as it did before the parts catalogue > pslvxl/leo/50
 ↓ tests/d01-fleet-fingerprint.test.ts > D01: the fleet flies as it did before the parts catalogue > electron/leo/50
 ↓ tests/d01-fleet-fingerprint.test.ts > D01: the fleet flies as it did before the parts catalogue > starship/leo/50
 ↓ tests/d01-fleet-fingerprint.test.ts > D01: the fleet flies as it did before the parts catalogue > sputnik8k71ps/leo/50
 ↓ tests/d01-fleet-fingerprint.test.ts > D01: the fleet flies as it did before the parts catalogue > vostok8k72k/leo/50
 ↓ tests/d01-fleet-fingerprint.test.ts > D01: the fleet flies as it did before the parts catalogue > saturnv/leo/50
 ↓ tests/d01-fleet-fingerprint.test.ts > D01: the fleet flies as it did before the parts catalogue > protonm/gto/50
 ↓ tests/d01-fleet-fingerprint.test.ts > D01: the fleet flies as it did before the parts catalogue > soyuz21b/gto/50
 ↓ tests/d01-fleet-fingerprint.test.ts > D01: the fleet flies as it did before the parts catalogue > ariane64/gto/50
 ↓ tests/d01-fleet-fingerprint.test.ts > D01: the fleet flies as it did before the parts catalogue > vegac/sso/50
 ↓ tests/d01-fleet-fingerprint.test.ts > D01: the fleet flies as it did before the parts catalogue > pslvxl/sso/50
 ↓ tests/d01-fleet-fingerprint.test.ts > D01: the fleet flies as it did before the parts catalogue > angaraa5/leo/25

 Test Files  1 passed (1)
      Tests  1 passed | 27 skipped (28)
   Start at  22:01:11
   Duration  1.27s (transform 67%, tests 21%, import 11%)

JSON report written to C:/Users/Royin/OneDrive/Desktop/Royin/Orbitlab/audit-2026-09-29/fingerprint-node22-probe-20260929.json
EXIT=0
Verified hash equality: unmodified tests/d01-fleet-fingerprint.test.ts:91 passed both repetitions for soyuz21a/leo/50; D01_FINGERPRINTS literal is deef4d6e49a74ea0, therefore both computed hashes equal deef4d6e49a74ea0.
