vite v8.3.0 building client environment for production...
transforming...
✓ 394 modules transformed.
rendering chunks...
computing gzip size...
dist/index.html                                 14.07 kB │ gzip:   3.98 kB
dist/assets/screening.worker-BJJbNPrT.js        30.09 kB
dist/assets/lifetime.worker-BxzqbLxC.js         39.05 kB
dist/assets/reentry.worker-DaPHGY-v.js          57.85 kB
dist/assets/SIXDOF-VEHICLE-DATA-DduZnTA9.md     58.14 kB
dist/assets/monte-carlo.worker-DA3Ow2wV.js     411.13 kB
dist/assets/tune.worker-BNz1mWNt.js            412.86 kB
dist/assets/flight.worker-DBQMjvdB.js          428.57 kB
dist/assets/ratings.worker-X-KFur1u.js       1,568.41 kB
dist/assets/readiness.worker-DwrFq9vd.js     1,577.09 kB
dist/assets/index-BEXx9b5a.css                 139.37 kB │ gzip:  27.40 kB
dist/sw.js                                       6.76 kB │ gzip:   2.71 kB
dist/assets/assessment-view-COqtg302.js         16.54 kB │ gzip:   5.60 kB
dist/assets/worksheet-view-JJgp7S4K.js          17.85 kB │ gzip:   6.75 kB
dist/assets/standard-magnitudes-CVruwE-c.js     37.45 kB │ gzip:  11.51 kB
dist/assets/fault-config-lrxzyIP8.js            78.88 kB │ gzip:  20.85 kB
dist/assets/solar-daily-Bvt8ZPKr.js            206.83 kB │ gzip:  68.06 kB
dist/assets/bank-c4ZBs3gr.js                   412.00 kB │ gzip: 117.24 kB
dist/assets/i18n-DaJYvp60.js                 1,148.86 kB │ gzip: 283.31 kB
dist/assets/index-CD_MEb01.js                2,493.56 kB │ gzip: 770.98 kB

[INEFFECTIVE_DYNAMIC_IMPORT] src/ui/telemetry-charts.ts is dynamically imported by src/ui/report.ts but also statically imported by src/ui/report.ts, src/ui/telemetry.ts, dynamic import will not move module into another chunk.

[plugin builtin:vite-reporter] 
(!) Some chunks are larger than 1500 kB after minification. Consider:
- Using dynamic import() to code-split the application
- Use build.rolldownOptions.output.codeSplitting to improve chunking: https://rolldown.rs/reference/OutputOptions.codeSplitting
- Adjust chunk size limit for this warning via build.chunkSizeWarningLimit.
[INEFFECTIVE_DYNAMIC_IMPORT] src/ui/download.ts is dynamically imported by src/ui/report.ts but also statically imported by src/ui/build/explore-store.ts, src/ui/chart-export.ts, src/ui/compare.ts, src/ui/lessons/lesson-mode.ts, src/ui/lessons/worksheet-view.ts, ..., dynamic import will not move module into another chunk.

[INEFFECTIVE_DYNAMIC_IMPORT] src/ui/chart-export.ts is dynamically imported by src/ui/report.ts but also statically imported by src/main.ts, dynamic import will not move module into another chunk.

✓ built in 1.55s
