
 RUN  v5.0.1 C:/Users/Royin/OneDrive/Desktop/Royin/Orbitlab/audit-2026-09-29/source-integrated

 ✓ tests/compare.test.ts > reference flight (U02) > keeps a decimated copy of the telemetry, the events and the path 41ms
 ✓ tests/compare.test.ts > reference flight (U02) > saves to a file and reads it back, gaps included 27ms
 ✓ tests/compare.test.ts > reference flight (U02) > refuses what is not a saved flight 1ms
 ✓ tests/compare.test.ts > reference flight (U02) > rejects numeric overflow in version (1e309) 0ms
 ✓ tests/compare.test.ts > reference flight (U02) > rejects numeric overflow in version (-1e309) 0ms
 ✓ tests/compare.test.ts > reference flight (U02) > rejects numeric overflow in flight.launchJd (1e309) 0ms
 ✓ tests/compare.test.ts > reference flight (U02) > rejects numeric overflow in flight.launchJd (-1e309) 0ms
 ✓ tests/compare.test.ts > reference flight (U02) > rejects numeric overflow in flight.events.0.t (1e309) 0ms
 ✓ tests/compare.test.ts > reference flight (U02) > rejects numeric overflow in flight.events.0.t (-1e309) 1ms
 ✓ tests/compare.test.ts > reference flight (U02) > rejects numeric overflow in flight.path.t.0 (1e309) 0ms
 ✓ tests/compare.test.ts > reference flight (U02) > rejects numeric overflow in flight.path.t.0 (-1e309) 0ms
 ✓ tests/compare.test.ts > reference flight (U02) > rejects numeric overflow in flight.path.x.0 (1e309) 0ms
 ✓ tests/compare.test.ts > reference flight (U02) > rejects numeric overflow in flight.path.x.0 (-1e309) 0ms
 ✓ tests/compare.test.ts > reference flight (U02) > rejects numeric overflow in flight.path.y.0 (1e309) 0ms
 ✓ tests/compare.test.ts > reference flight (U02) > rejects numeric overflow in flight.path.y.0 (-1e309) 0ms
 ✓ tests/compare.test.ts > reference flight (U02) > rejects numeric overflow in flight.path.z.0 (1e309) 0ms
 ✓ tests/compare.test.ts > reference flight (U02) > rejects numeric overflow in flight.path.z.0 (-1e309) 0ms
 ✓ tests/compare.test.ts > reference flight (U02) > rejects numeric overflow in flight.telemetry.0.t (1e309) 0ms
 ✓ tests/compare.test.ts > reference flight (U02) > rejects numeric overflow in flight.telemetry.0.t (-1e309) 0ms
 ✓ tests/compare.test.ts > reference flight (U02) > rejects numeric overflow in flight.telemetry.0.alt (1e309) 0ms
 ✓ tests/compare.test.ts > reference flight (U02) > rejects numeric overflow in flight.telemetry.0.alt (-1e309) 0ms
 ✓ tests/compare.test.ts > reference flight (U02) > rejects numeric overflow in flight.telemetry.0.vInertial (1e309) 0ms
 ✓ tests/compare.test.ts > reference flight (U02) > rejects numeric overflow in flight.telemetry.0.vInertial (-1e309) 0ms
 ✓ tests/compare.test.ts > reference flight (U02) > rejects numeric overflow in flight.telemetry.0.vAir (1e309) 0ms
 ✓ tests/compare.test.ts > reference flight (U02) > rejects numeric overflow in flight.telemetry.0.vAir (-1e309) 0ms
 ✓ tests/compare.test.ts > reference flight (U02) > rejects numeric overflow in flight.telemetry.0.q (1e309) 0ms
 ✓ tests/compare.test.ts > reference flight (U02) > rejects numeric overflow in flight.telemetry.0.q (-1e309) 0ms
 ✓ tests/compare.test.ts > reference flight (U02) > rejects numeric overflow in flight.telemetry.0.gLoad (1e309) 0ms
 ✓ tests/compare.test.ts > reference flight (U02) > rejects numeric overflow in flight.telemetry.0.gLoad (-1e309) 0ms
 ✓ tests/compare.test.ts > reference flight (U02) > rejects numeric overflow in flight.telemetry.0.mass (1e309) 0ms
 ✓ tests/compare.test.ts > reference flight (U02) > rejects numeric overflow in flight.telemetry.0.mass (-1e309) 0ms
 ✓ tests/compare.test.ts > reference flight (U02) > rejects numeric overflow in flight.telemetry.0.pitch (1e309) 0ms
 ✓ tests/compare.test.ts > reference flight (U02) > rejects numeric overflow in flight.telemetry.0.pitch (-1e309) 0ms
 ✓ tests/compare.test.ts > reference flight (U02) > rejects numeric overflow in flight.telemetry.0.ap (1e309) 0ms
 ✓ tests/compare.test.ts > reference flight (U02) > rejects numeric overflow in flight.telemetry.0.ap (-1e309) 0ms
 ✓ tests/compare.test.ts > reference flight (U02) > rejects numeric overflow in flight.telemetry.0.pe (1e309) 0ms
 ✓ tests/compare.test.ts > reference flight (U02) > rejects numeric overflow in flight.telemetry.0.pe (-1e309) 0ms
 ✓ tests/compare.test.ts > reference flight (U02) > rejects numeric overflow in flight.telemetry.0.inc (1e309) 0ms
 ✓ tests/compare.test.ts > reference flight (U02) > rejects numeric overflow in flight.telemetry.0.inc (-1e309) 0ms
 ✓ tests/compare.test.ts > reference flight (U02) > rejects numeric overflow in flight.telemetry.0.dvRemaining (1e309) 0ms
 ✓ tests/compare.test.ts > reference flight (U02) > rejects numeric overflow in flight.telemetry.0.dvRemaining (-1e309) 0ms
 ✓ tests/compare.test.ts > reference flight (U02) > rejects numeric overflow in flight.telemetry.0.downrange (1e309) 0ms
 ✓ tests/compare.test.ts > reference flight (U02) > rejects numeric overflow in flight.telemetry.0.downrange (-1e309) 0ms
 ✓ tests/compare.test.ts > reference flight (U02) > still accepts finite scientific notation, negative path coordinates and explicit telemetry gaps 0ms
 ✓ tests/compare.test.ts > reference flight (U02) > turns its path to the launch on screen: same ground, any day 1ms
 ✓ tests/compare.test.ts > reference flight (U02) > tabulates what both flights have, with the difference to take 33ms
 ✓ tests/compare.test.ts > reference flight (U02) > draws the reference inside a chart window, dashed, in the flight’s own colours 18ms
 ✓ tests/compare.test.ts > comparison table formatting (U02) > shows a difference that rounds to nothing as a plain zero 30ms

 Test Files  1 passed (1)
      Tests  48 passed (48)
   Start at  22:23:28
   Duration  1.17s (transform 70%, tests 16%, import 13%, worker 1%)

JSON report written to C:/Users/Royin/OneDrive/Desktop/Royin/Orbitlab/audit-2026-09-29/reference-overflow-after-fixed-fixture-20260929.json
