
 RUN  v5.0.1 C:/Users/Royin/OneDrive/Desktop/Royin/Orbitlab/audit-2026-09-29/source-integrated

 ✓ tests/propagator.test.ts > forces (P07) > draws gravity from the J2–J4 potential at [7000000,1000000,2000000] 2ms
 ✓ tests/propagator.test.ts > forces (P07) > draws gravity from the J2–J4 potential at [-3000000,4000000,-5500000] 0ms
 ✓ tests/propagator.test.ts > forces (P07) > draws gravity from the J2–J4 potential at [1000000,-2000000,6900000] 0ms
 ✓ tests/propagator.test.ts > forces (P07) > places the Sun and the Moon 1ms
 ✓ tests/propagator.test.ts > forces (P07) > puts the Earth’s shadow behind it 0ms
 ✓ tests/propagator.test.ts > forces (P07) > drags with NRLMSISE-00's air turning with the Earth: −½ ρ C_D (A/m) |v_r| v_r 2ms
 ✓ tests/propagator.test.ts > forces (P07) > averages the drag over an eccentric revolution as a fine even sampling does 208ms
 ✓ tests/propagator.test.ts > propagation (P07) > turns the plane at J2’s secular rate 83ms
 ✓ tests/propagator.test.ts > propagation (P07) > keeps a Kepler orbit exactly with every force off 37ms
 ✓ tests/propagator.test.ts > propagation (P07) > decays a space station by a few kilometres a month, and both methods agree 5892ms
 ✓ tests/propagator.test.ts > propagation (P07) > brings a CubeSat down from 400 km within months when the Sun is active, a few years when it is quiet 1101ms
 ✓ tests/propagator.test.ts > propagation (P07) > tilts a geostationary orbit by the Sun and the Moon at about 0.9° a year 225ms
 ✓ tests/propagator.test.ts > propagation (P07) > lets sunlight pressure pump a light satellite’s eccentricity 81ms
 ✓ tests/propagator.test.ts > propagation (P07) > can be stopped 243ms
 ✓ tests/propagator.test.ts > the flight is untouched (P07) > classifies runtime dependency in import type { Activity, DailyActivity } from "../physics/propagator/activity"; 2ms
 ✓ tests/propagator.test.ts > the flight is untouched (P07) > classifies runtime dependency in import { type Activity } from "../physics/propagator/activity"; 0ms
 ✓ tests/propagator.test.ts > the flight is untouched (P07) > classifies runtime dependency in export type { Activity } from "../physics/propagator/activity"; 0ms
 ✓ tests/propagator.test.ts > the flight is untouched (P07) > classifies runtime dependency in type Activity = import("../physics/propagator/activity").Activity; 0ms
 ✓ tests/propagator.test.ts > the flight is untouched (P07) > classifies runtime dependency in // import { propagate } from "../physics/propagator/propagate"; 0ms
 ✓ tests/propagator.test.ts > the flight is untouched (P07) > classifies runtime dependency in import { propagate } from "../physics/propagator/propagate"; 0ms
 ✓ tests/propagator.test.ts > the flight is untouched (P07) > classifies runtime dependency in import { type Activity, ECSS_LEVELS } from "../physics/propagator/activity"; 0ms
 ✓ tests/propagator.test.ts > the flight is untouched (P07) > classifies runtime dependency in import "../physics/propagator/propagate"; 0ms
 ✓ tests/propagator.test.ts > the flight is untouched (P07) > classifies runtime dependency in export { propagate } from "../physics/propagator/propagate"; 0ms
 ✓ tests/propagator.test.ts > the flight is untouched (P07) > classifies runtime dependency in export * from "../physics/propagator/propagate"; 0ms
 ✓ tests/propagator.test.ts > the flight is untouched (P07) > classifies runtime dependency in async function later() { return import("../physics/propagator/propagate"); } 0ms
 ✓ tests/propagator.test.ts > the flight is untouched (P07) > imports the propagator from nothing that flies the ascent or judges the orbit 1499ms

 Test Files  1 passed (1)
      Tests  26 passed (26)
   Start at  00:07:55
   Duration  11.58s (tests 82%, transform 15%, import 3%)

JSON report written to C:/Users/Royin/OneDrive/Desktop/Royin/Orbitlab/audit-2026-09-29/actions-heavy-fallback/propagator-after.json
