
 RUN  v5.0.1 C:/Users/Royin/OneDrive/Desktop/Royin/Orbitlab/audit-2026-09-29/source-integrated

 ✓ tests/worksheet-language.test.ts (9 tests) 15ms
 ✓ tests/worksheet-export-race.test.ts (2 tests) 13ms
 ✓ tests/assessment.test.ts (31 tests) 149ms
 ✓ tests/case-export-race.test.ts (3 tests) 166ms
 ✓ tests/case-worksheets.test.ts (22 tests) 509ms
   ✓ the cases' numbers (P2.5) (3)
     ✓ the Long March 5B stage of Tianhe: Cauchy's area, its C_D A/m, and the prediction inside its window 402ms
 ✓ tests/lessons-ui-core.test.ts (14 tests) 63ms
 ✓ tests/assessment-flights.test.ts (1 test) 553ms
   ✓ the placement test's recorded flights (1)
     ✓ are the flights this simulator flies 551ms
 ✓ tests/worksheets.test.ts (6 tests) 548ms
 ✓ tests/case-lessons.test.ts (23 tests) 1016ms
   ✓ the built-in case lessons (3)
     ✓ carry Russian in Cyrillic and Thai in Thai script, and no hint or task gives a number the key holds 550ms
   ✓ progress, results and the assistant (7)
     ✓ freezes only each worksheet input, stays small, and recreates every key after save/load 365ms
 ✓ tests/lessons-history.test.ts (3 tests) 1003ms
   ✓ track 5, historical missions (3)
     ✓ 5.4 Vostok-1: the 181 × 327 km orbit Gagarin reached passes; the planned 181 × 230 km one does not 437ms
 ✓ tests/i18n.test.ts (18 tests) 113ms
 ✓ tests/lessons.test.ts (23 tests) 5710ms
   ✓ each lesson, flown as solved and flown wrong (10)
     ✓ 1.2 into the station's plane: the next window passes; the panel's own time misses the node 400ms
     ✓ 3.2 a stuck gyro: without the FDIR the vehicle breaks up, and the lesson fails 3401ms
     ✓ 3.3 the crew's escape: the crew lands, and the peak load read from the flight passes; a guess of 5 g fails 928ms
 ✓ tests/lessons-round2.test.ts (10 tests) 23016ms
   ✓ track 2, guidance and navigation (3)
     ✓ 2.1 aerodynamic loads: an acceleration limit of 18 m/s² keeps q under 25 kPa; the vehicle as it is, and a limit too low, fail 566ms
     ✓ 2.2 PEG and IGM: either explicit law reaches the orbit an engine short; the standard steering runs dry 405ms
     ✓ 2.3 inertial navigation: the MEMS unit alone drifts past 500 m before MECO, and the lesson fails 3699ms
   ✓ 2.4 Monte Carlo 3σ (1)
     ✓ a nominal flight is not a run of the set, and the lesson fails 2330ms
   ✓ track 4, attitude control (4)
     ✓ 4.1 reading the loop: numbers far from the inspector's fail 4104ms
     ✓ 4.2 gains with margins: the fast tuning the lesson starts with has too little phase margin at max-Q 4062ms
     ✓ 4.4 bending and the notch filter: with no filter the vehicle breaks up in seconds 598ms
   ✓ track 5, advanced missions (2)
     ✓ 5.1 the booster home: 9.5 t reaches the orbit with the stage on LZ-1; 12 t falls short, 8.5 t is less than asked 5969ms
     ✓ 5.2 rendezvous and docking: the two-orbit profile docks in about 3.4 h; the two-day one is too slow 1276ms

 Test Files  13 passed (13)
      Tests  165 passed (165)
   Start at  01:01:27
   Duration  25.47s (tests 55%, transform 39%, import 6%)

  Transform  transforming modules took 23.47s · 39% of tracked time, re-done on every run
             persist transforms across runs with fsModuleCache: true
             learn more: https://vitest.dev/guide/improving-performance#caching-between-reruns

JSON report written to C:/Users/Royin/OneDrive/Desktop/Royin/Orbitlab/audit-2026-09-29/editorial-audit/final-focused.json
