
 RUN  v5.0.1 C:/Users/Royin/OneDrive/Desktop/Royin/Orbitlab/audit-2026-09-29/source-integrated

 ✓ tests/worksheet-language.test.ts (9 tests) 20ms
 ✓ tests/worksheet-export-race.test.ts (2 tests) 11ms
 ✓ tests/assessment.test.ts (31 tests) 155ms
 ✓ tests/case-export-race.test.ts (3 tests) 192ms
 ✓ tests/case-worksheets.test.ts (22 tests) 495ms
   ✓ the cases' numbers (P2.5) (3)
     ✓ the Long March 5B stage of Tianhe: Cauchy's area, its C_D A/m, and the prediction inside its window 389ms
 ✓ tests/lessons-ui-core.test.ts (14 tests) 62ms
 ✓ tests/assessment-flights.test.ts (1 test) 578ms
   ✓ the placement test's recorded flights (1)
     ✓ are the flights this simulator flies 576ms
 ✓ tests/worksheets.test.ts (6 tests) 570ms
 ❯ tests/case-lessons.test.ts (23 tests | 1 failed) 1086ms
   ✓ the built-in case lessons (3)
     ✓ are track 6, 6.1 THEOS-2, 6.2 the Long March 5B stage, 6.3 Iridium–Cosmos, read without an issue 3ms
     ✓ ask every question of their sheet, and open at a level where Real satellites is theirs (not Watch, which is the tour) 2ms
     ✓ carry Russian in Cyrillic and Thai in Thai script, and no hint or task gives a number the key holds 593ms
   ✓ the case grader (6)
     ✓ passes each lesson on its sheet's key 9ms
     ✓ holds a number to the sheet's tolerance: 0.9 of it passes, 1.5 of it fails 11ms
     ✓ holds a choice to its option, waits for what is not answered, and takes a teacher's tolerance over the sheet's 10ms
     ✓ fails an answer once shown, and never passes it after 4ms
     ✓ shows a right answer's working only once the whole lesson is passed or its answers shown 4ms
     ✓ grades by the key frozen when the lesson opened, not by a newer element set 4ms
   ❯ a teacher's lesson file with case lessons (3)
     × reads a file written before case lessons unchanged and writes canonical LF JSON 22ms
     ✓ writes a file of flight lessons as version 1, and one with a case lesson as version 2, both read back unchanged 21ms
     ✓ leaves out a case lesson with an unknown case, question, kind or tolerance, naming why, and drops what only a flight has 7ms
   ✓ progress, results and the assistant (7)
     ✓ freezes only each worksheet input, stays small, and recreates every key after save/load 335ms
     ✓ preserves daily boundaries and interval means across the full CZ-5B prediction horizon 30ms
     ✓ keeps the original clamp behavior when activity falls wholly before or after the prediction 2ms
     ✓ isolates saved case inputs and worksheets from later mutations, including constant activity 9ms
     ✓ treats malformed and unsupported legacy storage as empty without throwing 0ms
     ✓ keeps a case lesson's check with its frozen data and no mission, through storage and in a results file that verifies 6ms
     ✓ lists the case lessons as such, opens one in the Orbit section, and never gives its answers 6ms
   ✓ where a case lesson opens (4)
     ✓ picks a satellite the snapshot has, in its group, and the station low enough for the re-entry tool to be drawn 1ms
     ✓ keeps the case's answer key out of the Orbit section while its lesson is open and unanswered 0ms
     ✓ keeps the stage of Tianhe's prediction error out of the re-entry case study while lesson 6.2 is unanswered 0ms
     ✓ grades from nothing that propagates: the grader and the case names import no propagator 0ms
 ✓ tests/lessons-history.test.ts (3 tests) 983ms
   ✓ track 5, historical missions (3)
     ✓ 5.4 Vostok-1: the 181 × 327 km orbit Gagarin reached passes; the planned 181 × 230 km one does not 428ms
 ✓ tests/i18n.test.ts (18 tests) 120ms
 ✓ tests/lessons.test.ts (23 tests) 5679ms
   ✓ each lesson, flown as solved and flown wrong (10)
     ✓ 1.2 into the station's plane: the next window passes; the panel's own time misses the node 393ms
     ✓ 3.2 a stuck gyro: without the FDIR the vehicle breaks up, and the lesson fails 3287ms
     ✓ 3.3 the crew's escape: the crew lands, and the peak load read from the flight passes; a guess of 5 g fails 977ms
 ✓ tests/lessons-round2.test.ts (10 tests) 20784ms
   ✓ track 2, guidance and navigation (3)
     ✓ 2.1 aerodynamic loads: an acceleration limit of 18 m/s² keeps q under 25 kPa; the vehicle as it is, and a limit too low, fail 579ms
     ✓ 2.2 PEG and IGM: either explicit law reaches the orbit an engine short; the standard steering runs dry 401ms
     ✓ 2.3 inertial navigation: the MEMS unit alone drifts past 500 m before MECO, and the lesson fails 3281ms
   ✓ 2.4 Monte Carlo 3σ (1)
     ✓ a nominal flight is not a run of the set, and the lesson fails 2108ms
   ✓ track 4, attitude control (4)
     ✓ 4.1 reading the loop: numbers far from the inspector's fail 3982ms
     ✓ 4.2 gains with margins: the fast tuning the lesson starts with has too little phase margin at max-Q 4015ms
     ✓ 4.4 bending and the notch filter: with no filter the vehicle breaks up in seconds 451ms
   ✓ track 5, advanced missions (2)
     ✓ 5.1 the booster home: 9.5 t reaches the orbit with the stage on LZ-1; 12 t falls short, 8.5 t is less than asked 4687ms
     ✓ 5.2 rendezvous and docking: the two-orbit profile docks in about 3.4 h; the two-day one is too slow 1276ms

⎯⎯⎯⎯⎯⎯⎯ Failed Tests 1 ⎯⎯⎯⎯⎯⎯⎯

 FAIL  tests/case-lessons.test.ts > a teacher's lesson file with case lessons > reads a file written before case lessons unchanged and writes canonical LF JSON
AssertionError: expected [ { id: 'orbit-first', …(12) }, …(1) ] to deeply equal [ { id: 'orbit-first', …(12) }, …(1) ]

- Expected
+ Received

@@ -149,13 +149,13 @@
          "tol": 1,
          "unit": "kPa",
        },
      ],
      "debrief": {
-       "en": "q = ½ρv²: the peak comes where the air is still dense and the rocket already fast. Holding the acceleration down keeps the speed low through the dense air, at a price — the engines burn longer against gravity, so less Δv is left. Too low a limit and the ascent is so slow that the rocket is still low and dense-aired when it finally gets fast: the load comes back, higher. A throttle bucket reduces thrust around max-Q instead of using a fixed acceleration limit; this simulator models Falcon 9 at 75 % throttle near 22 kPa.",
-       "ru": "q = ½ρv²: максимум напора там, где воздух ещё плотный, а скорость уже велика. Ограничение ускорения удерживает скорость малой в плотных слоях, но за это приходится платить: двигатели дольше работают против тяготения, и запас Δv уменьшается. При слишком низком ограничении выведение идёт так медленно, что ракета набирает скорость, всё ещё находясь в плотной атмосфере, — и нагрузка возвращается, причём больше. Для снижения напора тягу уменьшают около max-Q вместо постоянного ограничения ускорения; в этом симуляторе для Falcon 9 задано 75 % тяги около 22 кПа.",
-       "th": "q = ½ρv² ค่าสูงสุดเกิดในช่วงที่อากาศยังหนาแน่นแต่จรวดเร็วแล้ว การจำกัดความเร่งทำให้ความเร็วต่ำขณะผ่านอากาศหนาแน่น แต่ต้องแลกด้วยการที่เครื่องยนต์เผาไหม้นานขึ้นเพื่อต้านแรงโน้มถ่วง Δv ที่เหลือจึงน้อยลง ถ้าจำกัดต่ำเกินไป จรวดไต่ช้าจนยังอยู่ในอากาศหนาแน่นตอนที่เร่งจนเร็ว ภาระจึงกลับมาและสูงกว่าเดิม การลดแรงขับช่วง max-Q ช่วยลดความดันพลวัตแทนการจำกัดความเร่งตายตัว โดยโปรแกรมนี้จำลอง Falcon 9 ให้ลดแรงขับเหลือ 75% ที่ราว 22 kPa",
+       "en": "q = ½ρv²: the peak comes where the air is still dense and the rocket already fast. Holding the acceleration down keeps the speed low through the dense air, at a price — the engines burn longer against gravity, so less Δv is left. Too low a limit and the ascent is so slow that the rocket is still low and dense-aired when it finally gets fast: the load comes back, higher. Launchers do this with a throttle bucket (Falcon 9 to about 75 % near 22 kPa) rather than a fixed limit.",
+       "ru": "q = ½ρv²: максимум напора там, где воздух ещё плотный, а скорость уже велика. Ограничение ускорения удерживает скорость малой в плотных слоях, но за это приходится платить: двигатели дольше работают против тяготения, и запас Δv уменьшается. При слишком низком ограничении выведение идёт так медленно, что ракета набирает скорость, всё ещё находясь в плотной атмосфере, — и нагрузка возвращается, причём больше. На практике для этого снижают тягу на участке максимального напора (Falcon 9 — примерно до 75 % около 22 кПа), а не вводят постоянное ограничение.",
+       "th": "q = ½ρv² ค่าสูงสุดเกิดในช่วงที่อากาศยังหนาแน่นแต่จรวดเร็วแล้ว การจำกัดความเร่งทำให้ความเร็วต่ำขณะผ่านอากาศหนาแน่น แต่ต้องแลกด้วยการที่เครื่องยนต์เผาไหม้นานขึ้นเพื่อต้านแรงโน้มถ่วง Δv ที่เหลือจึงน้อยลง ถ้าจำกัดต่ำเกินไป จรวดไต่ช้าจนยังอยู่ในอากาศหนาแน่นตอนที่เร่งจนเร็ว ภาระจึงกลับมาและสูงกว่าเดิม จรวดจริงใช้การลดแรงขับช่วง max-Q (Falcon 9 ลดเหลือประมาณ 75% ที่ราว 22 kPa) แทนการจำกัดความเร่งตายตัว",
      },
      "domains": [
        3,
        4,
      ],

 ❯ tests/case-lessons.test.ts:182:28
    180|     const parsed = parseLessonFile(JSON.parse(V1), new Set());
    181|     expect(parsed.issues).toEqual([]);
    182|     expect(parsed.lessons).toEqual(BUILTIN_LESSONS.filter((l) => l.id …
       |                            ^
    183|     expect(lessonFileText(parsed.lessons)).toBe(V1.replace(/\r\n/g, '\…
    184|   });

⎯⎯⎯⎯⎯⎯⎯⎯⎯⎯⎯⎯⎯⎯⎯⎯⎯⎯⎯⎯⎯⎯⎯⎯[1/1]⎯


 Test Files  1 failed | 12 passed (13)
      Tests  1 failed | 164 passed (165)
   Start at  01:00:17
   Duration  23.16s (tests 54%, transform 40%, import 6%)

  Transform  transforming modules took 22.55s · 40% of tracked time, re-done on every run
             persist transforms across runs with fsModuleCache: true
             learn more: https://vitest.dev/guide/improving-performance#caching-between-reruns

JSON report written to C:/Users/Royin/OneDrive/Desktop/Royin/Orbitlab/audit-2026-09-29/editorial-audit/final-focused.json
