browser journeys against http://127.0.0.1:35833/Orbitlab/: launch-explore, mobile-smoke, pwa-offline, watch-controls
▶ launch-explore
  [launch-explore] T+3272 s: orbit, 500 × 510 km, 28.6°
  [launch-explore] orbitlab_falcon9_leo.csv: 2.36 MB
✓ launch-explore (121.6 s)
▶ mobile-smoke
  [mobile-smoke] th #section-nav: หน้าแรก, ปล่อยจรวด*, วงโคจร*, สร้าง* (* text hidden)
  [mobile-smoke] th #mode-nav: รับชม*, สำรวจ*, วิศวกร* (* text hidden)
  [mobile-smoke] ru #section-nav: Главная*, Запуск*, Орбита, Конструктор* (* text hidden)
  [mobile-smoke] ru #mode-nav: Просмотр*, Исследование*, Инженер* (* text hidden)
✓ mobile-smoke (37.6 s)
▶ pwa-offline
  [pwa-offline] precached 47 files
  [pwa-offline] offline flight {"t":58.8099999999967,"playing":true}
  [pwa-offline] reloaded onto the new version true
✓ pwa-offline (60.8 s)
▶ watch-controls
  [watch-controls] mouse: page ready
  [watch-controls] mouse: every control answered
  [watch-controls] keyboard: page ready
  [watch-controls] keyboard: every control answered
  [watch-controls] touch: page ready
  [watch-controls] touch: every control answered
✓ watch-controls (157.3 s)

4/4 journeys passed in 387.3 s
