
> orbitlab@0.1.0 build
> tsc --noEmit && vite build

[36mvite v8.3.0 [32mbuilding client environment for production...[36m[39m
transforming...
✓ 394 modules transformed.
rendering chunks...
computing gzip size...
dist/index.html                                 13.88 kB │ gzip:   3.96 kB
dist/assets/screening.worker-BJJbNPrT.js        30.09 kB
dist/assets/lifetime.worker-BxzqbLxC.js         39.05 kB
dist/assets/SIXDOF-VEHICLE-DATA-CrV8DRe-.md     57.62 kB
dist/assets/reentry.worker-DaPHGY-v.js          57.85 kB
dist/assets/monte-carlo.worker-DA3Ow2wV.js     411.13 kB
dist/assets/tune.worker-BNz1mWNt.js            412.86 kB
dist/assets/flight.worker-DBQMjvdB.js          428.57 kB
dist/assets/ratings.worker-X-KFur1u.js       1,568.41 kB
dist/assets/readiness.worker-DwrFq9vd.js     1,577.09 kB
dist/assets/index-BEXx9b5a.css                 139.37 kB │ gzip:  27.40 kB
dist/sw.js                                       6.76 kB │ gzip:   2.71 kB
dist/assets/assessment-view-B1qr1l7-.js         16.54 kB │ gzip:   5.60 kB
dist/assets/worksheet-view-iNYYL4vL.js          17.85 kB │ gzip:   6.75 kB
dist/assets/standard-magnitudes-CVruwE-c.js     37.45 kB │ gzip:  11.51 kB
dist/assets/fault-config-lrxzyIP8.js            78.88 kB │ gzip:  20.85 kB
dist/assets/solar-daily-Bvt8ZPKr.js            206.83 kB │ gzip:  68.06 kB
dist/assets/bank-Cf9R27Zb.js                   412.00 kB │ gzip: 117.24 kB
dist/assets/i18n-DaJYvp60.js                 1,148.86 kB │ gzip: 283.31 kB
dist/assets/index-3v1MX_0v.js                2,493.56 kB │ gzip: 770.98 kB

[33m[33m[INEFFECTIVE_DYNAMIC_IMPORT] [0msrc/ui/telemetry-charts.ts is dynamically imported by src/ui/report.ts but also statically imported by src/ui/report.ts, src/ui/telemetry.ts, dynamic import will not move module into another chunk.
[39m
[33m[plugin builtin:vite-reporter] 
(!) Some chunks are larger than 1500 kB after minification. Consider:
- Using dynamic import() to code-split the application
- Use build.rolldownOptions.output.codeSplitting to improve chunking: https://rolldown.rs/reference/OutputOptions.codeSplitting
- Adjust chunk size limit for this warning via build.chunkSizeWarningLimit.[39m
[33m[33m[INEFFECTIVE_DYNAMIC_IMPORT] [0msrc/ui/download.ts is dynamically imported by src/ui/report.ts but also statically imported by src/ui/build/explore-store.ts, src/ui/chart-export.ts, src/ui/compare.ts, src/ui/lessons/lesson-mode.ts, src/ui/lessons/worksheet-view.ts, ..., dynamic import will not move module into another chunk.
[39m
[33m[33m[INEFFECTIVE_DYNAMIC_IMPORT] [0msrc/ui/chart-export.ts is dynamically imported by src/ui/report.ts but also statically imported by src/main.ts, dynamic import will not move module into another chunk.
[39m
[32m✓ built in 1.69s[39m
