2026-09-29T21:09:02.2601862Z [command]/usr/bin/git -c protocol.version=2 fetch --no-tags --prune --no-recurse-submodules --depth=1 origin +272b1ba68847c1795ca533a4b1d77ef39da24aff:refs/remotes/pull/41/merge
2026-09-29T21:09:04.1494784Z  * [new ref]         272b1ba68847c1795ca533a4b1d77ef39da24aff -> pull/41/merge
2026-09-29T21:09:04.1594511Z [command]/usr/bin/git checkout --progress --force refs/remotes/pull/41/merge
2026-09-29T21:09:04.2606543Z Note: switching to 'refs/remotes/pull/41/merge'.
2026-09-29T21:09:04.2617432Z HEAD is now at 272b1ba Merge 0b844f77f5f0ffdeb7274642ddf74a57c2ee230b into 0a6d1a709ffbf88e8e36f606d6993bd27e5c25e0
2026-09-29T21:09:04.2651404Z [command]/usr/bin/git log -1 --format=%H
2026-09-29T21:09:08.2912361Z node: v22.23.3
2026-09-29T21:14:24.4216245Z 3/3 journeys passed in 278.2 s

##[group]Run npm run build
2026-09-29T21:09:41.3312370Z npm run build
2026-09-29T21:09:41.3350818Z shell: /usr/bin/bash -e {0}
2026-09-29T21:09:41.3351281Z ##[endgroup]
2026-09-29T21:09:41.4173562Z 
2026-09-29T21:09:41.4174253Z > orbitlab@0.1.0 build
2026-09-29T21:09:41.4175004Z > tsc --noEmit && vite build
2026-09-29T21:09:41.4175312Z 
2026-09-29T21:09:43.1992852Z vite v8.3.0 building client environment for production...
2026-09-29T21:09:43.2110841Z transforming...
2026-09-29T21:09:44.0150447Z ✓ 394 modules transformed.
2026-09-29T21:09:44.1429795Z rendering chunks...
2026-09-29T21:09:44.5654740Z computing gzip size...
2026-09-29T21:09:44.6128732Z dist/index.html                                 13.88 kB │ gzip:   3.96 kB
2026-09-29T21:09:44.6129415Z dist/assets/screening.worker-BJJbNPrT.js        30.09 kB
2026-09-29T21:09:44.6130061Z dist/assets/lifetime.worker-BxzqbLxC.js         39.05 kB
2026-09-29T21:09:44.6130924Z dist/assets/SIXDOF-VEHICLE-DATA-CrV8DRe-.md     57.62 kB
2026-09-29T21:09:44.6131655Z dist/assets/reentry.worker-DaPHGY-v.js          57.85 kB
2026-09-29T21:09:44.6132285Z dist/assets/monte-carlo.worker-DA3Ow2wV.js     411.13 kB
2026-09-29T21:09:44.6132977Z dist/assets/tune.worker-BNz1mWNt.js            412.86 kB
2026-09-29T21:09:44.6133749Z dist/assets/flight.worker-DBQMjvdB.js          428.57 kB
2026-09-29T21:09:44.6134475Z dist/assets/ratings.worker-X-KFur1u.js       1,568.41 kB
2026-09-29T21:09:44.6135141Z dist/assets/readiness.worker-DwrFq9vd.js     1,577.09 kB
2026-09-29T21:09:44.6135993Z dist/assets/index-BEXx9b5a.css                 139.37 kB │ gzip:  27.40 kB
2026-09-29T21:09:44.6136950Z dist/sw.js                                       6.76 kB │ gzip:   2.71 kB
2026-09-29T21:09:44.6137849Z dist/assets/assessment-view-B1qr1l7-.js         16.54 kB │ gzip:   5.60 kB
2026-09-29T21:09:44.6138731Z dist/assets/worksheet-view-iNYYL4vL.js          17.85 kB │ gzip:   6.75 kB
2026-09-29T21:09:44.6139432Z dist/assets/standard-magnitudes-CVruwE-c.js     37.45 kB │ gzip:  11.51 kB
2026-09-29T21:09:44.6140083Z dist/assets/fault-config-lrxzyIP8.js            78.88 kB │ gzip:  20.85 kB
2026-09-29T21:09:44.6140945Z dist/assets/solar-daily-Bvt8ZPKr.js            206.83 kB │ gzip:  68.06 kB
2026-09-29T21:09:44.6141710Z dist/assets/bank-Cf9R27Zb.js                   412.00 kB │ gzip: 117.24 kB
2026-09-29T21:09:44.6142395Z dist/assets/i18n-DaJYvp60.js                 1,148.86 kB │ gzip: 283.31 kB
2026-09-29T21:09:44.6142995Z dist/assets/index-3v1MX_0v.js                2,493.56 kB │ gzip: 770.98 kB
2026-09-29T21:09:44.6143395Z 
2026-09-29T21:09:44.6144523Z [INEFFECTIVE_DYNAMIC_IMPORT] src/ui/telemetry-charts.ts is dynamically imported by src/ui/report.ts but also statically imported by src/ui/report.ts, src/ui/telemetry.ts, dynamic import will not move module into another chunk.
2026-09-29T21:09:44.6145373Z 
2026-09-29T21:09:44.6145832Z [plugin builtin:vite-reporter] 
2026-09-29T21:09:44.6146669Z (!) Some chunks are larger than 1500 kB after minification. Consider:
2026-09-29T21:09:44.6147507Z - Using dynamic import() to code-split the application
2026-09-29T21:09:44.6148557Z - Use build.rolldownOptions.output.codeSplitting to improve chunking: https://rolldown.rs/reference/OutputOptions.codeSplitting
2026-09-29T21:09:44.6149765Z - Adjust chunk size limit for this warning via build.chunkSizeWarningLimit.
2026-09-29T21:09:44.6151813Z [INEFFECTIVE_DYNAMIC_IMPORT] src/ui/download.ts is dynamically imported by src/ui/report.ts but also statically imported by src/ui/build/explore-store.ts, src/ui/chart-export.ts, src/ui/compare.ts, src/ui/lessons/lesson-mode.ts, src/ui/lessons/worksheet-view.ts, ..., dynamic import will not move module into another chunk.
2026-09-29T21:09:44.6153154Z 
2026-09-29T21:09:44.6155582Z [INEFFECTIVE_DYNAMIC_IMPORT] src/ui/chart-export.ts is dynamically imported by src/ui/report.ts but also statically imported by src/main.ts, dynamic import will not move module into another chunk.
2026-09-29T21:09:44.6156642Z 
2026-09-29T21:09:44.6157498Z ✓ built in 1.41s
2026-09-29T21:09:44.6383004Z ##[group]Run npm run test:browser:smoke
2026-09-29T21:09:44.6383600Z npm run test:browser:smoke
2026-09-29T21:09:44.6423332Z shell: /usr/bin/bash -e {0}
2026-09-29T21:09:44.6423788Z ##[endgroup]
2026-09-29T21:09:44.7276560Z 
2026-09-29T21:09:44.7277237Z > orbitlab@0.1.0 test:browser:smoke
2026-09-29T21:09:44.7277769Z > node tests/browser/run.mjs --smoke
2026-09-29T21:09:44.7277982Z 
2026-09-29T21:09:44.7819214Z browser journeys against http://127.0.0.1:46525/Orbitlab/: launch-explore, mobile-smoke, watch-controls
2026-09-29T21:09:46.1828298Z ▶ launch-explore
2026-09-29T21:11:32.0718160Z   [launch-explore] T+3278 s: orbit, 500 × 510 km, 28.6°
2026-09-29T21:11:33.3686363Z   [launch-explore] orbitlab_falcon9_leo.csv: 2.39 MB
2026-09-29T21:11:33.5498103Z ✓ launch-explore (107.4 s)
2026-09-29T21:11:33.5499566Z ▶ mobile-smoke
2026-09-29T21:11:43.8652518Z   [mobile-smoke] th #section-nav: หน้าแรก, ปล่อยจรวด*, วงโคจร*, สร้าง* (* text hidden)
2026-09-29T21:11:43.8765549Z   [mobile-smoke] th #mode-nav: รับชม*, สำรวจ*, วิศวกร* (* text hidden)
2026-09-29T21:12:05.6671686Z   [mobile-smoke] ru #section-nav: Главная*, Запуск*, Орбита, Конструктор* (* text hidden)
2026-09-29T21:12:05.6801089Z   [mobile-smoke] ru #mode-nav: Просмотр*, Исследование*, Инженер* (* text hidden)
2026-09-29T21:12:06.3231431Z ✓ mobile-smoke (32.8 s)
2026-09-29T21:12:06.3284971Z ▶ watch-controls
2026-09-29T21:12:13.9222720Z   [watch-controls] mouse: page ready
2026-09-29T21:12:38.0244908Z   [watch-controls] mouse: every control answered
2026-09-29T21:12:57.5936284Z   [watch-controls] keyboard: page ready
2026-09-29T21:13:18.6113152Z   [watch-controls] keyboard: every control answered
2026-09-29T21:13:37.8197826Z   [watch-controls] touch: page ready
2026-09-29T21:14:12.8019684Z   [watch-controls] touch: every control answered
2026-09-29T21:14:12.8145539Z ✓ watch-controls (126.5 s)
2026-09-29T21:14:24.4215409Z 
2026-09-29T21:14:24.4216245Z 3/3 journeys passed in 278.2 s
2026-09-29T21:14:24.4444439Z Post job cleanup.
2026-09-29T21:14:24.55
